###############################################################################
#
# IAR ELF Linker V8.22.1.15669/W32 for ARM                29/Mar/2018  11:19:29
# Copyright 2007-2018 IAR Systems AB.
#
#    Output file  =  
#        C:\Users\Clyde W Phillips
#        Jr\Documents\STMF407_Disco_Spi1FDM1NSS\EWARM\STMF407_Disco_Spi1FDM1NSS\Exe\STMF407_Disco_Spi1FDM1NSS.out
#    Map file     =  
#        C:\Users\Clyde W Phillips
#        Jr\Documents\STMF407_Disco_Spi1FDM1NSS\EWARM\STMF407_Disco_Spi1FDM1NSS\List\STMF407_Disco_Spi1FDM1NSS.map
#    Command line =  
#        -f C:\Users\CLYDEW~1\AppData\Local\Temp\EWC269.tmp ("C:\Users\Clyde W
#        Phillips
#        Jr\Documents\STMF407_Disco_Spi1FDM1NSS\EWARM\STMF407_Disco_Spi1FDM1NSS\Obj\gpio.o"
#        "C:\Users\Clyde W Phillips
#        Jr\Documents\STMF407_Disco_Spi1FDM1NSS\EWARM\STMF407_Disco_Spi1FDM1NSS\Obj\main.o"
#        "C:\Users\Clyde W Phillips
#        Jr\Documents\STMF407_Disco_Spi1FDM1NSS\EWARM\STMF407_Disco_Spi1FDM1NSS\Obj\main_IAR_Smart-IO_STM32F407_port.o"
#        "C:\Users\Clyde W Phillips
#        Jr\Documents\STMF407_Disco_Spi1FDM1NSS\EWARM\STMF407_Disco_Spi1FDM1NSS\Obj\rtc.o"
#        "C:\Users\Clyde W Phillips
#        Jr\Documents\STMF407_Disco_Spi1FDM1NSS\EWARM\STMF407_Disco_Spi1FDM1NSS\Obj\smartio_api.o"
#        "C:\Users\Clyde W Phillips
#        Jr\Documents\STMF407_Disco_Spi1FDM1NSS\EWARM\STMF407_Disco_Spi1FDM1NSS\Obj\smartio_hardware_interface.o"
#        "C:\Users\Clyde W Phillips
#        Jr\Documents\STMF407_Disco_Spi1FDM1NSS\EWARM\STMF407_Disco_Spi1FDM1NSS\Obj\smartio_interface.o"
#        "C:\Users\Clyde W Phillips
#        Jr\Documents\STMF407_Disco_Spi1FDM1NSS\EWARM\STMF407_Disco_Spi1FDM1NSS\Obj\spi.o"
#        "C:\Users\Clyde W Phillips
#        Jr\Documents\STMF407_Disco_Spi1FDM1NSS\EWARM\STMF407_Disco_Spi1FDM1NSS\Obj\startup_stm32f407xx.o"
#        "C:\Users\Clyde W Phillips
#        Jr\Documents\STMF407_Disco_Spi1FDM1NSS\EWARM\STMF407_Disco_Spi1FDM1NSS\Obj\stm32f4xx_hal.o"
#        "C:\Users\Clyde W Phillips
#        Jr\Documents\STMF407_Disco_Spi1FDM1NSS\EWARM\STMF407_Disco_Spi1FDM1NSS\Obj\stm32f4xx_hal_cortex.o"
#        "C:\Users\Clyde W Phillips
#        Jr\Documents\STMF407_Disco_Spi1FDM1NSS\EWARM\STMF407_Disco_Spi1FDM1NSS\Obj\stm32f4xx_hal_dma.o"
#        "C:\Users\Clyde W Phillips
#        Jr\Documents\STMF407_Disco_Spi1FDM1NSS\EWARM\STMF407_Disco_Spi1FDM1NSS\Obj\stm32f4xx_hal_dma_ex.o"
#        "C:\Users\Clyde W Phillips
#        Jr\Documents\STMF407_Disco_Spi1FDM1NSS\EWARM\STMF407_Disco_Spi1FDM1NSS\Obj\stm32f4xx_hal_flash.o"
#        "C:\Users\Clyde W Phillips
#        Jr\Documents\STMF407_Disco_Spi1FDM1NSS\EWARM\STMF407_Disco_Spi1FDM1NSS\Obj\stm32f4xx_hal_flash_ex.o"
#        "C:\Users\Clyde W Phillips
#        Jr\Documents\STMF407_Disco_Spi1FDM1NSS\EWARM\STMF407_Disco_Spi1FDM1NSS\Obj\stm32f4xx_hal_flash_ramfunc.o"
#        "C:\Users\Clyde W Phillips
#        Jr\Documents\STMF407_Disco_Spi1FDM1NSS\EWARM\STMF407_Disco_Spi1FDM1NSS\Obj\stm32f4xx_hal_gpio.o"
#        "C:\Users\Clyde W Phillips
#        Jr\Documents\STMF407_Disco_Spi1FDM1NSS\EWARM\STMF407_Disco_Spi1FDM1NSS\Obj\stm32f4xx_hal_msp.o"
#        "C:\Users\Clyde W Phillips
#        Jr\Documents\STMF407_Disco_Spi1FDM1NSS\EWARM\STMF407_Disco_Spi1FDM1NSS\Obj\stm32f4xx_hal_pwr.o"
#        "C:\Users\Clyde W Phillips
#        Jr\Documents\STMF407_Disco_Spi1FDM1NSS\EWARM\STMF407_Disco_Spi1FDM1NSS\Obj\stm32f4xx_hal_pwr_ex.o"
#        "C:\Users\Clyde W Phillips
#        Jr\Documents\STMF407_Disco_Spi1FDM1NSS\EWARM\STMF407_Disco_Spi1FDM1NSS\Obj\stm32f4xx_hal_rcc.o"
#        "C:\Users\Clyde W Phillips
#        Jr\Documents\STMF407_Disco_Spi1FDM1NSS\EWARM\STMF407_Disco_Spi1FDM1NSS\Obj\stm32f4xx_hal_rcc_ex.o"
#        "C:\Users\Clyde W Phillips
#        Jr\Documents\STMF407_Disco_Spi1FDM1NSS\EWARM\STMF407_Disco_Spi1FDM1NSS\Obj\stm32f4xx_hal_rtc.o"
#        "C:\Users\Clyde W Phillips
#        Jr\Documents\STMF407_Disco_Spi1FDM1NSS\EWARM\STMF407_Disco_Spi1FDM1NSS\Obj\stm32f4xx_hal_rtc_ex.o"
#        "C:\Users\Clyde W Phillips
#        Jr\Documents\STMF407_Disco_Spi1FDM1NSS\EWARM\STMF407_Disco_Spi1FDM1NSS\Obj\stm32f4xx_hal_spi.o"
#        "C:\Users\Clyde W Phillips
#        Jr\Documents\STMF407_Disco_Spi1FDM1NSS\EWARM\STMF407_Disco_Spi1FDM1NSS\Obj\stm32f4xx_hal_tim.o"
#        "C:\Users\Clyde W Phillips
#        Jr\Documents\STMF407_Disco_Spi1FDM1NSS\EWARM\STMF407_Disco_Spi1FDM1NSS\Obj\stm32f4xx_hal_tim_ex.o"
#        "C:\Users\Clyde W Phillips
#        Jr\Documents\STMF407_Disco_Spi1FDM1NSS\EWARM\STMF407_Disco_Spi1FDM1NSS\Obj\stm32f4xx_hal_uart.o"
#        "C:\Users\Clyde W Phillips
#        Jr\Documents\STMF407_Disco_Spi1FDM1NSS\EWARM\STMF407_Disco_Spi1FDM1NSS\Obj\stm32f4xx_it.o"
#        "C:\Users\Clyde W Phillips
#        Jr\Documents\STMF407_Disco_Spi1FDM1NSS\EWARM\STMF407_Disco_Spi1FDM1NSS\Obj\system_stm32f4xx.o"
#        "C:\Users\Clyde W Phillips
#        Jr\Documents\STMF407_Disco_Spi1FDM1NSS\EWARM\STMF407_Disco_Spi1FDM1NSS\Obj\tim.o"
#        "C:\Users\Clyde W Phillips
#        Jr\Documents\STMF407_Disco_Spi1FDM1NSS\EWARM\STMF407_Disco_Spi1FDM1NSS\Obj\usart.o"
#        --redirect _Printf=_PrintfFull --redirect _Scanf=_ScanfFull -o
#        "C:\Users\Clyde W Phillips
#        Jr\Documents\STMF407_Disco_Spi1FDM1NSS\EWARM\STMF407_Disco_Spi1FDM1NSS\Exe\STMF407_Disco_Spi1FDM1NSS.out"
#        --map "C:\Users\Clyde W Phillips
#        Jr\Documents\STMF407_Disco_Spi1FDM1NSS\EWARM\STMF407_Disco_Spi1FDM1NSS\List\STMF407_Disco_Spi1FDM1NSS.map"
#        --config "C:\Users\Clyde W Phillips
#        Jr\Documents\STMF407_Disco_Spi1FDM1NSS\EWARM/stm32f407xx_flash.icf"
#        --semihosting --entry __iar_program_start --vfe --text_out locale)
#
###############################################################################

*******************************************************************************
*** RUNTIME MODEL ATTRIBUTES
***

CppFlavor       = *
__Heap_Handler  = Basic
__SystemLibrary = DLib
__dlib_version  = 6


*******************************************************************************
*** HEAP SELECTION
***

The basic heap was selected because some modules are built with
size limitations (and not runtime checking), and --advanced_heap
was not specified.


*******************************************************************************
*** PLACEMENT SUMMARY
***

"A0":  place at 0x08000000 { ro section .intvec };
"P1":  place in [from 0x08000000 to 0x080fffff] { ro };
define block CSTACK with size = 1K, alignment = 8 { };
define block HEAP with size = 512, alignment = 8 { };
"P2":  place in [from 0x20000000 to 0x2001ffff] {
          rw, block CSTACK, block HEAP };
initialize by copy { rw };

  Section            Kind        Address    Size  Object
  -------            ----        -------    ----  ------
"A0":                                      0x188
  .intvec            ro code  0x08000000   0x188  startup_stm32f407xx.o [1]
                            - 0x08000188   0x188

"P1":                                     0x6ca8
  .text              ro code  0x08000188   0xf96  xprintffull.o [3]
  .text              ro code  0x0800111e    0x7a  lz77_init_single.o [5]
  .text              ro code  0x08001198    0xa0  xlocale_c.o [3]
  .text              ro code  0x08001238    0x16  strchr.o [5]
  .text              ro code  0x0800124e    0x1e  xencoding_8859_1.o [3]
  .text              ro code  0x0800126c    0x40  xfail_s.o [3]
  .text              ro code  0x080012ac    0x36  strlen.o [5]
  .text              ro code  0x080012e4    0x58  memchr.o [5]
  .text              ro code  0x0800133c     0xa  xmbcurmax.o [3]
  .text              ro code  0x08001348    0xa6  ABImemcpy.o [5]
  .text              ro code  0x080013f0   0x22e  I64DivMod.o [5]
  .text              ro code  0x08001620   0x1a2  DblMul.o [4]
  .text              ro code  0x080017c4    0x70  frexp.o [4]
  .text              ro code  0x08001834    0x2e  DblCmpLe.o [4]
  .text              ro code  0x08001864    0x2e  DblCmpGe.o [4]
  .text              ro code  0x08001894   0x13a  ldexp.o [4]
  .text              ro code  0x080019d0    0x3a  DblToS32.o [4]
  .text              ro code  0x08001a0c    0x22  S32ToDbl.o [4]
  .text              ro code  0x08001a30    0xe2  DblSub.o [4]
  .text              ro code  0x08001b14   0x246  DblDiv.o [4]
  .text              ro code  0x08001d5c    0x28  DblToU32.o [4]
  .text              ro code  0x08001d84    0x1a  U32ToDbl.o [4]
  .text              ro code  0x08001d9e     0x6  abort.o [3]
  .text              ro code  0x08001da4     0x2  I64DivZer.o [5]
  .text              ro code  0x08001da8   0x168  DblAdd.o [4]
  .text              ro code  0x08001f10    0x14  exit.o [6]
  .text              ro code  0x08001f24    0x7c  iarttio.o [6]
  .text              ro code  0x08001fa0    0x3c  XShttio.o [3]
  .text              ro code  0x08001fdc   0xf24  main_IAR_Smart-IO_STM32F407_port.o [1]
  .text              ro code  0x08002f00    0x28  printf.o [3]
  .text              ro code  0x08002f28   0x488  smartio_api.o [1]
  .text              ro code  0x080033b0   0x220  smartio_interface.o [1]
  .text              ro code  0x080035d0   0x230  smartio_hardware_interface.o [1]
  .text              ro code  0x08003800   0x51c  stm32f4xx_hal_uart.o [1]
  .text              ro code  0x08003d1c    0x86  iar_Stolx.o [3]
  .text              ro code  0x08003da2    0x14  isspace.o [3]
  .text              ro code  0x08003db6     0xa  isdigit.o [3]
  .text              ro code  0x08003dc0   0x1fe  stm32f4xx_hal_gpio.o [1]
  .text              ro code  0x08003fc0    0x28  stm32f4xx_hal.o [1]
  .text              ro code  0x08003fe8   0x728  stm32f4xx_hal_spi.o [1]
  .text              ro code  0x08004710   0x190  usart.o [1]
  .text              ro code  0x080048a0     0xc  stm32f4xx_hal.o [1]
  .text              ro code  0x080048ac   0x1c0  stm32f4xx_hal_rcc.o [1]
  .text              ro code  0x08004a6c   0x168  iar_Stoulx.o [3]
  .text              ro code  0x08004bd4   0x11c  spi.o [1]
  .text              ro code  0x08004cf0    0x24  stm32f4xx_hal_dma.o [1]
  .text              ro code  0x08004d14     0x2  stm32f4xx_hal_spi.o [1]
  .text              ro code  0x08004d18   0x208  main.o [1]
  .text              ro code  0x08004f20    0x48  stm32f4xx_hal.o [1]
  .text              ro code  0x08004f68    0x14  tolower.o [3]
  .text              ro code  0x08004f7c    0x34  stm32f4xx_hal.o [1]
  .text              ro code  0x08004fb0   0x2e4  gpio.o [1]
  .text              ro code  0x08005294   0x258  tim.o [1]
  .text              ro code  0x080054ec   0x13c  rtc.o [1]
  .text              ro code  0x08005628   0x314  stm32f4xx_hal_rcc.o [1]
  .text              ro code  0x0800593c   0x12c  stm32f4xx_hal_rcc_ex.o [1]
  .text              ro code  0x08005a68   0x10e  stm32f4xx_hal_cortex.o [1]
  .text              ro code  0x08005b76    0x60  stm32f4xx_hal_msp.o [1]
  .text              ro code  0x08005bd8   0x3fc  stm32f4xx_hal_tim.o [1]
  .text              ro code  0x08005fd4    0x4c  stm32f4xx_hal_tim_ex.o [1]
  .text              ro code  0x08006020    0x18  stm32f4xx_hal_rtc_ex.o [1]
  .text              ro code  0x08006038   0x2fc  stm32f4xx_hal_rtc.o [1]
  .text              ro code  0x08006334     0x2  stm32f4xx_hal_tim.o [1]
  .text              ro code  0x08006336     0x2  stm32f4xx_hal_tim.o [1]
  .text              ro code  0x08006338     0x2  stm32f4xx_hal_tim.o [1]
  .text              ro code  0x0800633a     0x2  stm32f4xx_hal_tim.o [1]
  .text              ro code  0x0800633c     0x2  stm32f4xx_hal_tim_ex.o [1]
  .text              ro code  0x0800633e     0x2  stm32f4xx_hal_tim.o [1]
  .text              ro code  0x08006340     0x2  stm32f4xx_hal_tim_ex.o [1]
  .text              ro code  0x08006344   0x140  heap0.o [3]
  .text              ro code  0x08006484    0x2c  xgetmemchunk.o [3]
  .text              ro code  0x080064b0    0xd8  xfspos.o [3]
  .text              ro code  0x08006588    0xac  fflush.o [3]
  .text              ro code  0x08006634     0xc  xfgpos.o [3]
  .text              ro code  0x08006640    0x4a  lseek.o [6]
  .text              ro code  0x0800668a    0x10  write.o [6]
  .text              ro code  0x0800669c    0xcc  XShHandles.o [3]
  .text              ro code  0x08006768    0x1e  dwrite.o [6]
  .text              ro code  0x08006786    0x20  iarwstd.o [6]
  .text              ro code  0x080067a6    0x22  iarwrite.o [6]
  .text              ro code  0x080067c8    0xb4  xfwprep.o [3]
  .text              ro code  0x0800687c    0x24  fseek.o [3]
  .text              ro code  0x080068a0    0x7e  fclose.o [3]
  .text              ro code  0x08006920    0x7c  xfofind.o [3]
  .text              ro code  0x0800699c     0x4  heaptramp0.o [3]
  .text              ro code  0x080069a0    0x18  close.o [6]
  .text              ro code  0x080069b8    0x14  remove.o [6]
  .text              ro code  0x080069cc    0x60  system_stm32f4xx.o [1]
  .text              ro code  0x08006a2c    0x54  fputc.o [3]
  .text              ro code  0x08006a80    0x40  zero_init3.o [5]
  .text              ro code  0x08006ac0    0x3c  stm32f4xx_it.o [1]
  .text              ro code  0x08006afc    0x10  stm32f4xx_hal.o [1]
  .text              ro code  0x08006b0c    0x3c  xcloseall.o [3]
  .text              ro code  0x08006b48    0x28  data_init.o [5]
  .text              ro code  0x08006b70    0x22  fpinit_M.o [4]
  .iar.init_table    const    0x08006b94    0x20  - Linker created -
  .text              ro code  0x08006bb4    0x1e  cmain.o [5]
  .text              ro code  0x08006bd2     0x4  low_level_init.o [3]
  .text              ro code  0x08006bd6     0x4  exit.o [3]
  .text              ro code  0x08006bdc     0xe  cexit.o [5]
  .text              ro code  0x08006bea    0x16  xprout.o [3]
  .text              ro code  0x08006c00     0xc  putchar.o [3]
  .text              ro code  0x08006c0c    0x10  startup_stm32f407xx.o [1]
  .text              ro code  0x08006c1c     0xc  cstartup_M.o [5]
  .rodata            const    0x08006c28     0x8  system_stm32f4xx.o [1]
  .rodata            const    0x08006c30     0x6  xlocale_c.o [3]
  .text              ro code  0x08006c36     0x4  startup_stm32f407xx.o [1]
  .text              ro code  0x08006c3a     0x4  startup_stm32f407xx.o [1]
  .text              ro code  0x08006c3e     0x4  startup_stm32f407xx.o [1]
  .text              ro code  0x08006c42     0x4  startup_stm32f407xx.o [1]
  .text              ro code  0x08006c46     0x4  startup_stm32f407xx.o [1]
  .text              ro code  0x08006c4a     0x4  startup_stm32f407xx.o [1]
  .text              ro code  0x08006c4e     0x4  startup_stm32f407xx.o [1]
  .text              ro code  0x08006c52     0x4  startup_stm32f407xx.o [1]
  .text              ro code  0x08006c56     0x4  startup_stm32f407xx.o [1]
  .text              ro code  0x08006c5a     0x4  startup_stm32f407xx.o [1]
  .text              ro code  0x08006c5e     0x4  startup_stm32f407xx.o [1]
  .text              ro code  0x08006c62     0x4  startup_stm32f407xx.o [1]
  .text              ro code  0x08006c66     0x4  startup_stm32f407xx.o [1]
  .text              ro code  0x08006c6a     0x4  startup_stm32f407xx.o [1]
  .text              ro code  0x08006c6e     0x4  startup_stm32f407xx.o [1]
  .text              ro code  0x08006c72     0x4  startup_stm32f407xx.o [1]
  .text              ro code  0x08006c76     0x4  startup_stm32f407xx.o [1]
  .text              ro code  0x08006c7a     0x4  startup_stm32f407xx.o [1]
  .text              ro code  0x08006c7e     0x4  startup_stm32f407xx.o [1]
  .text              ro code  0x08006c82     0x4  startup_stm32f407xx.o [1]
  .text              ro code  0x08006c86     0x4  startup_stm32f407xx.o [1]
  .text              ro code  0x08006c8a     0x4  startup_stm32f407xx.o [1]
  .text              ro code  0x08006c8e     0x4  startup_stm32f407xx.o [1]
  .text              ro code  0x08006c92     0x4  startup_stm32f407xx.o [1]
  .text              ro code  0x08006c96     0x4  startup_stm32f407xx.o [1]
  .text              ro code  0x08006c9a     0x4  startup_stm32f407xx.o [1]
  .text              ro code  0x08006c9e     0x4  startup_stm32f407xx.o [1]
  .text              ro code  0x08006ca2     0x4  startup_stm32f407xx.o [1]
  .text              ro code  0x08006ca6     0x4  startup_stm32f407xx.o [1]
  .text              ro code  0x08006caa     0x4  startup_stm32f407xx.o [1]
  .text              ro code  0x08006cae     0x4  startup_stm32f407xx.o [1]
  .text              ro code  0x08006cb2     0x4  startup_stm32f407xx.o [1]
  .text              ro code  0x08006cb6     0x4  startup_stm32f407xx.o [1]
  .text              ro code  0x08006cba     0x4  startup_stm32f407xx.o [1]
  .text              ro code  0x08006cbe     0x4  startup_stm32f407xx.o [1]
  .text              ro code  0x08006cc2     0x4  startup_stm32f407xx.o [1]
  .text              ro code  0x08006cc6     0x4  startup_stm32f407xx.o [1]
  .text              ro code  0x08006cca     0x4  startup_stm32f407xx.o [1]
  .text              ro code  0x08006cce     0x4  startup_stm32f407xx.o [1]
  .text              ro code  0x08006cd2     0x4  startup_stm32f407xx.o [1]
  .text              ro code  0x08006cd6     0x4  startup_stm32f407xx.o [1]
  .text              ro code  0x08006cda     0x4  startup_stm32f407xx.o [1]
  .text              ro code  0x08006cde     0x4  startup_stm32f407xx.o [1]
  .text              ro code  0x08006ce2     0x4  startup_stm32f407xx.o [1]
  .text              ro code  0x08006ce6     0x4  startup_stm32f407xx.o [1]
  .text              ro code  0x08006cea     0x4  startup_stm32f407xx.o [1]
  .text              ro code  0x08006cee     0x4  startup_stm32f407xx.o [1]
  .text              ro code  0x08006cf2     0x4  startup_stm32f407xx.o [1]
  .text              ro code  0x08006cf6     0x4  startup_stm32f407xx.o [1]
  .text              ro code  0x08006cfa     0x4  startup_stm32f407xx.o [1]
  .text              ro code  0x08006cfe     0x4  startup_stm32f407xx.o [1]
  .text              ro code  0x08006d02     0x4  startup_stm32f407xx.o [1]
  .text              ro code  0x08006d06     0x4  startup_stm32f407xx.o [1]
  .text              ro code  0x08006d0a     0x4  startup_stm32f407xx.o [1]
  .text              ro code  0x08006d0e     0x4  startup_stm32f407xx.o [1]
  .text              ro code  0x08006d12     0x4  startup_stm32f407xx.o [1]
  .text              ro code  0x08006d16     0x4  startup_stm32f407xx.o [1]
  .text              ro code  0x08006d1a     0x4  startup_stm32f407xx.o [1]
  .text              ro code  0x08006d1e     0x4  startup_stm32f407xx.o [1]
  .text              ro code  0x08006d22     0x4  startup_stm32f407xx.o [1]
  .text              ro code  0x08006d26     0x4  startup_stm32f407xx.o [1]
  .text              ro code  0x08006d2a     0x4  startup_stm32f407xx.o [1]
  .text              ro code  0x08006d2e     0x4  startup_stm32f407xx.o [1]
  .text              ro code  0x08006d32     0x4  startup_stm32f407xx.o [1]
  .text              ro code  0x08006d36     0x4  startup_stm32f407xx.o [1]
  .text              ro code  0x08006d3a     0x4  startup_stm32f407xx.o [1]
  .text              ro code  0x08006d3e     0x4  startup_stm32f407xx.o [1]
  .text              ro code  0x08006d42     0x4  startup_stm32f407xx.o [1]
  .text              ro code  0x08006d46     0x4  startup_stm32f407xx.o [1]
  .text              ro code  0x08006d4a     0x4  startup_stm32f407xx.o [1]
  .text              ro code  0x08006d4e     0x4  startup_stm32f407xx.o [1]
  .text              ro code  0x08006d52     0x4  startup_stm32f407xx.o [1]
  .text              ro code  0x08006d56     0x4  startup_stm32f407xx.o [1]
  .text              ro code  0x08006d5a     0x4  startup_stm32f407xx.o [1]
  .text              ro code  0x08006d5e     0x4  startup_stm32f407xx.o [1]
  .text              ro code  0x08006d62     0x4  startup_stm32f407xx.o [1]
  .text              ro code  0x08006d66     0x4  startup_stm32f407xx.o [1]
  .text              ro code  0x08006d6a     0x4  startup_stm32f407xx.o [1]
  .text              ro code  0x08006d6e     0x4  startup_stm32f407xx.o [1]
  .text              ro code  0x08006d72     0x4  startup_stm32f407xx.o [1]
  .text              ro code  0x08006d76     0x4  startup_stm32f407xx.o [1]
  .text              ro code  0x08006d7a     0x4  startup_stm32f407xx.o [1]
  .text              ro code  0x08006d7e     0x4  startup_stm32f407xx.o [1]
  .text              ro code  0x08006d84     0x0  cstart_closeall.o [5]
  .rodata            const    0x08006d84     0x0  zero_init3.o [5]
  .rodata            const    0x08006d84     0x0  lz77_init_single.o [5]
  Initializer bytes  const    0x08006d84    0xac  <for P2-1>
                            - 0x08006e30  0x6ca8

"P2", part 1 of 3:                         0x1a4
  P2-1                        0x20000000   0x1a4  <Init block>
    .data            inited   0x20000000     0xc  main.o [1]
    .data            inited   0x2000000c     0x4  smartio_api.o [1]
    .data            inited   0x20000010     0x4  smartio_api.o [1]
    .data            inited   0x20000014     0xc  stm32f4xx_hal.o [1]
    .data            inited   0x20000020     0x4  system_stm32f4xx.o [1]
    .data            inited   0x20000024    0x38  xlocale_c.o [3]
    .data            inited   0x2000005c    0x48  xlocale_c.o [3]
    .data            inited   0x200000a4    0x48  xfiles.o [3]
    .data            inited   0x200000ec    0x48  xfiles.o [3]
    .data            inited   0x20000134    0x48  xfiles.o [3]
    .data            inited   0x2000017c    0x20  xfiles.o [3]
    .data            inited   0x2000019c     0x8  XShttio.o [3]
                            - 0x200001a4   0x1a4

"P2", part 2 of 3:                         0x71c
  .bss               zero     0x200001a4   0x324  smartio_interface.o [1]
  .bss               zero     0x200004c8   0x100  smartio_api.o [1]
  .bss               zero     0x200005c8    0x80  XShHandles.o [3]
  .bss               zero     0x20000648    0x58  spi.o [1]
  .bss               zero     0x200006a0    0x50  xfiles.o [3]
  .bss               zero     0x200006f0    0x50  xfiles.o [3]
  .bss               zero     0x20000740    0x40  usart.o [1]
  .bss               zero     0x20000780    0x40  usart.o [1]
  .bss               zero     0x200007c0    0x3c  tim.o [1]
  .bss               zero     0x200007fc    0x3c  tim.o [1]
  .bss               zero     0x20000838    0x3c  tim.o [1]
  .bss               zero     0x20000874    0x20  rtc.o [1]
  .bss               zero     0x20000894     0xc  smartio_interface.o [1]
  .bss               zero     0x200008a0     0x8  smartio_api.o [1]
  .bss               zero     0x200008a8     0x8  heap0.o [3]
  .bss               zero     0x200008b0     0x4  main_IAR_Smart-IO_STM32F407_port.o [1]
  .bss               zero     0x200008b4     0x4  xfail_s.o [3]
  .bss               zero     0x200008b8     0x4  xgetmemchunk.o [3]
  .bss               zero     0x200008bc     0x1  XShttio.o [3]
                            - 0x200008bd   0x719

"P2", part 3 of 3:                         0x600
  CSTACK                      0x200008c0   0x400  <Block>
    CSTACK           uninit   0x200008c0   0x400  <Block tail>
  HEAP                        0x20000cc0   0x200  <Block>
    HEAP             uninit   0x20000cc0   0x200  <Block tail>
                            - 0x20000ec0   0x600


*******************************************************************************
*** INIT TABLE
***

          Address     Size
          -------     ----
Zero (__iar_zero_init3)
    1 destination range, total size 0x719:
          0x200001a4  0x719

Copy/lz77 (__iar_lz77_init_single3)
    1 source range, total size 0xac (40% of destination):
          0x08006d84   0xac
    1 destination range, total size 0x1a4:
          0x20000000  0x1a4



*******************************************************************************
*** MODULE SUMMARY
***

    Module                              ro code  ro data  rw data
    ------                              -------  -------  -------
C:\Users\Clyde W Phillips Jr\Documents\STMF407_Disco_Spi1FDM1NSS\EWARM\STMF407_Disco_Spi1FDM1NSS\Obj: [1]
    gpio.o                                  740
    main.o                                  520        4       12
    main_IAR_Smart-IO_STM32F407_port.o    3 876                 4
    rtc.o                                   316                32
    smartio_api.o                         1 160        4      272
    smartio_hardware_interface.o            560
    smartio_interface.o                     544               816
    spi.o                                   284                88
    startup_stm32f407xx.o                   740
    stm32f4xx_hal.o                         192        5       12
    stm32f4xx_hal_cortex.o                  270
    stm32f4xx_hal_dma.o                      36
    stm32f4xx_hal_gpio.o                    510
    stm32f4xx_hal_msp.o                      96
    stm32f4xx_hal_rcc.o                   1 236
    stm32f4xx_hal_rcc_ex.o                  300
    stm32f4xx_hal_rtc.o                     764
    stm32f4xx_hal_rtc_ex.o                   24
    stm32f4xx_hal_spi.o                   1 834
    stm32f4xx_hal_tim.o                   1 030
    stm32f4xx_hal_tim_ex.o                   80
    stm32f4xx_hal_uart.o                  1 308
    stm32f4xx_it.o                           60
    system_stm32f4xx.o                       96        9        4
    tim.o                                   600               180
    usart.o                                 400               128
    -------------------------------------------------------------
    Total:                               17 576       22    1 548

command line: [2]
    -------------------------------------------------------------
    Total:

dl7M_tlf.a: [3]
    XShHandles.o                            204               128
    XShttio.o                                60        4        9
    abort.o                                   6
    exit.o                                    4
    fclose.o                                126
    fflush.o                                172
    fputc.o                                  84
    fseek.o                                  36
    heap0.o                                 320                 8
    heaptramp0.o                              4
    iar_Stolx.o                             134
    iar_Stoulx.o                            360
    isdigit.o                                10
    isspace.o                                20
    low_level_init.o                          4
    printf.o                                 40
    putchar.o                                12
    tolower.o                                20
    xcloseall.o                              60
    xencoding_8859_1.o                       30
    xfail_s.o                                64                 4
    xfgpos.o                                 12
    xfiles.o                                         101      408
    xfofind.o                               124
    xfspos.o                                216
    xfwprep.o                               180
    xgetmemchunk.o                           44                 4
    xlocale_c.o                             160       59      128
    xmbcurmax.o                              10
    xprintffull.o                         3 990
    xprout.o                                 22
    -------------------------------------------------------------
    Total:                                6 528      164      689

m7M_tls.a: [4]
    DblAdd.o                                360
    DblCmpGe.o                               46
    DblCmpLe.o                               46
    DblDiv.o                                582
    DblMul.o                                418
    DblSub.o                                226
    DblToS32.o                               58
    DblToU32.o                               40
    S32ToDbl.o                               34
    U32ToDbl.o                               26
    fpinit_M.o                               34
    frexp.o                                 112
    ldexp.o                                 314
    -------------------------------------------------------------
    Total:                                2 296

rt7M_tl.a: [5]
    ABImemcpy.o                             166
    I64DivMod.o                             558
    I64DivZer.o                               2
    cexit.o                                  14
    cmain.o                                  30
    cstart_closeall.o
    cstartup_M.o                             12
    data_init.o                              40
    lz77_init_single.o                      122
    memchr.o                                 88
    strchr.o                                 22
    strlen.o                                 54
    zero_init3.o                             64
    -------------------------------------------------------------
    Total:                                1 172

shb_l.a: [6]
    close.o                                  24
    dwrite.o                                 30
    exit.o                                   20
    iarttio.o                               124
    iarwrite.o                               34
    iarwstd.o                                32
    lseek.o                                  74
    remove.o                                 20
    write.o                                  16
    -------------------------------------------------------------
    Total:                                  374

    Gaps                                     42        2
    Linker created                                    32    1 536
-----------------------------------------------------------------
    Grand Total:                         27 988      220    3 773


*******************************************************************************
*** ENTRY LIST
***

Entry                      Address   Size  Type      Object
-----                      -------   ----  ----      ------
.iar.init_table$$Base   0x08006b94          --   Gb  - Linker created -
.iar.init_table$$Limit  0x08006bb4          --   Gb  - Linker created -
?main                   0x08006bb5         Code  Gb  cmain.o [5]
AHBPrescTable           0x08006a1c   0x10  Data  Gb  system_stm32f4xx.o [1]
APBPrescTable           0x08006c28    0x8  Data  Gb  system_stm32f4xx.o [1]
APICall                 0x080032db   0xce  Code  Lc  smartio_api.o [1]
Aldata                  0x200008a8    0x8  Data  Lc  heap0.o [3]
Button1                 0x08001fdd    0xa  Code  Gb  main_IAR_Smart-IO_STM32F407_port.o [1]
CSTACK$$Base            0x200008c0          --   Gb  - Linker created -
CSTACK$$Limit           0x20000cc0          --   Gb  - Linker created -
CacheMore               0x080011c9   0x24  Code  Lc  xlocale_c.o [3]
Command                 0x20000010    0x4  Data  Lc  smartio_api.o [1]
Connect_CB              0x08002617   0x12  Code  Gb  main_IAR_Smart-IO_STM32F407_port.o [1]
Disconnect_CB           0x08002629   0x18  Code  Gb  main_IAR_Smart-IO_STM32F407_port.o [1]
EXTI0_IRQHandler        0x08006ad3    0x6  Code  Gb  stm32f4xx_it.o [1]
EXTI1_IRQHandler        0x08006ad9    0x6  Code  Gb  stm32f4xx_it.o [1]
FindCallbackEntry       0x080034b5   0x26  Code  Lc  smartio_interface.o [1]
GetCommandLine          0x080027b5   0xf0  Code  Gb  main_IAR_Smart-IO_STM32F407_port.o [1]
HAL_DMA_Abort_IT        0x08004cf1   0x24  Code  Gb  stm32f4xx_hal_dma.o [1]
HAL_Delay               0x08003fc1   0x28  Code  Wk  stm32f4xx_hal.o [1]
HAL_GPIO_EXTI_IRQHandler
                        0x08003f7b   0x12  Code  Gb  stm32f4xx_hal_gpio.o [1]
HAL_GPIO_Init           0x08003dc1  0x1a8  Code  Gb  stm32f4xx_hal_gpio.o [1]
HAL_GPIO_WritePin       0x08003f69   0x12  Code  Gb  stm32f4xx_hal_gpio.o [1]
HAL_GetTick             0x080048a1    0xc  Code  Wk  stm32f4xx_hal.o [1]
HAL_IncTick             0x08006afd   0x10  Code  Wk  stm32f4xx_hal.o [1]
HAL_Init                0x08004f7d   0x30  Code  Gb  stm32f4xx_hal.o [1]
HAL_InitTick            0x08004f21   0x48  Code  Wk  stm32f4xx_hal.o [1]
HAL_MspInit             0x08005b77   0x60  Code  Gb  stm32f4xx_hal_msp.o [1]
HAL_NVIC_EnableIRQ      0x08005b3b    0x2  Code  Gb  stm32f4xx_hal_cortex.o [1]
HAL_NVIC_SetPriority    0x08005b1d   0x1e  Code  Gb  stm32f4xx_hal_cortex.o [1]
HAL_NVIC_SetPriorityGrouping
                        0x08005b1b    0x2  Code  Gb  stm32f4xx_hal_cortex.o [1]
HAL_RCCEx_PeriphCLKConfig
                        0x0800593d  0x112  Code  Gb  stm32f4xx_hal_rcc_ex.o [1]
HAL_RCC_ClockConfig     0x080048ad  0x110  Code  Gb  stm32f4xx_hal_rcc.o [1]
HAL_RCC_GetHCLKFreq     0x080049bd    0x6  Code  Gb  stm32f4xx_hal_rcc.o [1]
HAL_RCC_GetPCLK1Freq    0x080049c3   0x16  Code  Gb  stm32f4xx_hal_rcc.o [1]
HAL_RCC_GetPCLK2Freq    0x080049d9   0x16  Code  Gb  stm32f4xx_hal_rcc.o [1]
HAL_RCC_OscConfig       0x08005629  0x314  Code  Wk  stm32f4xx_hal_rcc.o [1]
HAL_RTCEx_BKUPRead      0x0800602d    0xc  Code  Gb  stm32f4xx_hal_rtc_ex.o [1]
HAL_RTCEx_BKUPWrite     0x08006021    0xc  Code  Gb  stm32f4xx_hal_rtc_ex.o [1]
HAL_RTC_Init            0x08006039   0xb0  Code  Gb  stm32f4xx_hal_rtc.o [1]
HAL_RTC_MspInit         0x0800558d   0x10  Code  Gb  rtc.o [1]
HAL_RTC_SetDate         0x080061d1   0xc4  Code  Gb  stm32f4xx_hal_rtc.o [1]
HAL_RTC_SetTime         0x080060e9   0xe8  Code  Gb  stm32f4xx_hal_rtc.o [1]
HAL_RTC_WaitForSynchro  0x080062a1   0x32  Code  Gb  stm32f4xx_hal_rtc.o [1]
HAL_SPI_IRQHandler      0x08004547  0x102  Code  Gb  stm32f4xx_hal_spi.o [1]
HAL_SPI_Init            0x08003fe9   0x80  Code  Gb  stm32f4xx_hal_spi.o [1]
HAL_SPI_MspInit         0x08004c19   0x46  Code  Gb  spi.o [1]
HAL_SPI_Receive         0x0800421d  0x14a  Code  Gb  stm32f4xx_hal_spi.o [1]
HAL_SPI_Transmit        0x08004069  0x1b4  Code  Gb  stm32f4xx_hal_spi.o [1]
HAL_SPI_TransmitReceive
                        0x08004367  0x1e0  Code  Gb  stm32f4xx_hal_spi.o [1]
HAL_SYSTICK_CLKSourceConfig
                        0x08005b3f   0x18  Code  Gb  stm32f4xx_hal_cortex.o [1]
HAL_SYSTICK_Config      0x08005b3d    0x2  Code  Gb  stm32f4xx_hal_cortex.o [1]
HAL_SYSTICK_IRQHandler  0x08005b71    0x4  Code  Gb  stm32f4xx_hal_cortex.o [1]
HAL_TIMEx_BreakCallback
                        0x0800633d    0x2  Code  Wk  stm32f4xx_hal_tim_ex.o [1]
HAL_TIMEx_CommutationCallback
                        0x08006341    0x2  Code  Wk  stm32f4xx_hal_tim_ex.o [1]
HAL_TIMEx_MasterConfigSynchronization
                        0x08005fd5   0x4c  Code  Gb  stm32f4xx_hal_tim_ex.o [1]
HAL_TIM_Base_Init       0x08005bd9   0x32  Code  Gb  stm32f4xx_hal_tim.o [1]
HAL_TIM_Base_MspInit    0x080053cb   0x84  Code  Gb  tim.o [1]
HAL_TIM_ConfigClockSource
                        0x08005d5d   0xfe  Code  Gb  stm32f4xx_hal_tim.o [1]
HAL_TIM_IRQHandler      0x08005c0b  0x152  Code  Gb  stm32f4xx_hal_tim.o [1]
HAL_UART_Init           0x08003801   0x5e  Code  Gb  stm32f4xx_hal_uart.o [1]
HAL_UART_MspInit        0x08004781   0x82  Code  Gb  usart.o [1]
HAL_UART_Receive        0x08003927   0xc4  Code  Gb  stm32f4xx_hal_uart.o [1]
HAL_UART_Transmit       0x0800385f   0xc8  Code  Gb  stm32f4xx_hal_uart.o [1]
HAL_UART_Transmit_IT    0x080039eb   0x4c  Code  Gb  stm32f4xx_hal_uart.o [1]
HEAP$$Base              0x20000cc0          --   Gb  - Linker created -
HEAP$$Limit             0x20000ec0          --   Gb  - Linker created -
LoadInt                 0x08000377   0x7a  Code  Lc  xprintffull.o [3]
MX_GPIO_Init            0x08004fb1  0x2e4  Code  Gb  gpio.o [1]
MX_NVIC_Init            0x08004e51   0x46  Code  Lc  main.o [1]
MX_RTC_Init             0x080054ed   0xa0  Code  Gb  rtc.o [1]
MX_SPI1_Init            0x08004bd5   0x44  Code  Gb  spi.o [1]
MX_TIM1_Init            0x08005295   0x66  Code  Gb  tim.o [1]
MX_TIM2_Init            0x080052fd   0x6a  Code  Gb  tim.o [1]
MX_TIM3_Init            0x08005369   0x62  Code  Gb  tim.o [1]
MX_USART2_UART_Init     0x08004711   0x38  Code  Gb  usart.o [1]
MX_USART3_UART_Init     0x08004749   0x38  Code  Gb  usart.o [1]
NVIC_EnableIRQ          0x08005a8d   0x12  Code  Lc  stm32f4xx_hal_cortex.o [1]
NVIC_EncodePriority     0x08005abd   0x36  Code  Lc  stm32f4xx_hal_cortex.o [1]
NVIC_GetPriorityGrouping
                        0x08005a83    0xa  Code  Lc  stm32f4xx_hal_cortex.o [1]
NVIC_SetPriority        0x08005a9f   0x1e  Code  Lc  stm32f4xx_hal_cortex.o [1]
NVIC_SetPriorityGrouping
                        0x08005a69   0x1a  Code  Lc  stm32f4xx_hal_cortex.o [1]
OK1                     0x08001fe7    0xa  Code  Gb  main_IAR_Smart-IO_STM32F407_port.o [1]
PendSV_Handler          0x08006ac3    0x2  Code  Gb  stm32f4xx_it.o [1]
RTC_Bcd2ToByte          0x08006321   0x14  Code  Gb  stm32f4xx_hal_rtc.o [1]
RTC_ByteToBcd2          0x08006309   0x18  Code  Gb  stm32f4xx_hal_rtc.o [1]
RTC_EnterInitMode       0x080062d3   0x36  Code  Gb  stm32f4xx_hal_rtc.o [1]
Region$$Table$$Base     0x08006b94          --   Gb  - Linker created -
Region$$Table$$Limit    0x08006bb4          --   Gb  - Linker created -
SPI1_IRQHandler         0x08006ae5   0x10  Code  Gb  stm32f4xx_it.o [1]
SPI_CheckFlag_BSY       0x080046ed   0x24  Code  Lc  stm32f4xx_hal_spi.o [1]
SPI_DMAAbortOnError     0x08004649    0xc  Code  Lc  stm32f4xx_hal_spi.o [1]
SPI_State               0x20000894    0x1  Data  Gb  smartio_interface.o [1]
SPI_WaitFlagStateUntilTimeout
                        0x08004655   0x98  Code  Lc  stm32f4xx_hal_spi.o [1]
SVC_Handler             0x08006ac1    0x2  Code  Gb  stm32f4xx_it.o [1]
Slider1                 0x08001ff1    0xa  Code  Gb  main_IAR_Smart-IO_STM32F407_port.o [1]
SmartIO_AddListItem     0x08003245   0x12  Code  Gb  smartio_api.o [1]
SmartIO_AddMenu         0x08002f5f   0x26  Code  Gb  smartio_api.o [1]
SmartIO_AddText         0x08003223   0x12  Code  Gb  smartio_api.o [1]
SmartIO_AppTitle        0x08002f4f   0x10  Code  Gb  smartio_api.o [1]
SmartIO_AutoBalance     0x0800326d   0x10  Code  Gb  smartio_api.o [1]
SmartIO_ClearText       0x08003235   0x10  Code  Gb  smartio_api.o [1]
SmartIO_Connect_Callback
                        0x20000898    0x4  Data  Gb  smartio_interface.o [1]
SmartIO_Disconnect_Callback
                        0x2000089c    0x4  Data  Gb  smartio_interface.o [1]
SmartIO_EnableIf        0x08002fdd   0x38  Code  Gb  smartio_api.o [1]
SmartIO_Error           0x08003679   0x62  Code  Gb  smartio_hardware_interface.o [1]
SmartIO_GenRandomNumber
                        0x080032b9    0x8  Code  Gb  smartio_api.o [1]
SmartIO_GetUniqueID     0x080032c1   0x1a  Code  Gb  smartio_api.o [1]
SmartIO_GetUniqueID::val
                        0x200008a0    0x8  Data  Lc  smartio_api.o [1]
SmartIO_GroupObjects    0x08002fa5   0x38  Code  Gb  smartio_api.o [1]
SmartIO_HardReset       0x080035d1   0x26  Code  Gb  smartio_hardware_interface.o [1]
SmartIO_ISR             0x080033bd   0x1c  Code  Gb  smartio_interface.o [1]
SmartIO_Init            0x080033b1    0xc  Code  Gb  smartio_interface.o [1]
SmartIO_LoadCache       0x08002f29   0x18  Code  Gb  smartio_api.o [1]
SmartIO_Make3PosButton  0x08003043   0x2e  Code  Gb  smartio_api.o [1]
SmartIO_MakeBatteryLevel
                        0x080031f7   0x1a  Code  Gb  smartio_api.o [1]
SmartIO_MakeCheckboxes  0x08003121   0x2a  Code  Gb  smartio_api.o [1]
SmartIO_MakeExpandableList
                        0x0800309f   0x2a  Code  Gb  smartio_api.o [1]
SmartIO_MakeHGauge      0x080031dd   0x1a  Code  Gb  smartio_api.o [1]
SmartIO_MakeLabel       0x0800327d   0x1a  Code  Gb  smartio_api.o [1]
SmartIO_MakeMultilineBox
                        0x080031c3   0x1a  Code  Gb  smartio_api.o [1]
SmartIO_MakeOK          0x080030f7   0x2a  Code  Gb  smartio_api.o [1]
SmartIO_MakeOnOffButton
                        0x08003015   0x2e  Code  Gb  smartio_api.o [1]
SmartIO_MakePage        0x08002f85    0xe  Code  Gb  smartio_api.o [1]
SmartIO_MakeRadioButtons
                        0x0800314b   0x2a  Code  Gb  smartio_api.o [1]
SmartIO_MakeSlider      0x08003071   0x2e  Code  Gb  smartio_api.o [1]
SmartIO_MakeSpacerSlice
                        0x08003257   0x16  Code  Gb  smartio_api.o [1]
SmartIO_MakeTextBox     0x080031a7   0x1c  Code  Gb  smartio_api.o [1]
SmartIO_MakeTextEntry   0x08003175   0x32  Code  Gb  smartio_api.o [1]
SmartIO_MakeTimeSelector
                        0x080030c9   0x2e  Code  Gb  smartio_api.o [1]
SmartIO_PageTitle       0x08002f93   0x12  Code  Gb  smartio_api.o [1]
SmartIO_ProcessUserInput
                        0x080034dd   0xe8  Code  Gb  smartio_interface.o [1]
SmartIO_ReadEEPROM      0x08003297    0xc  Code  Gb  smartio_api.o [1]
SmartIO_SPI_FinishRead  0x08003675    0x2  Code  Gb  smartio_hardware_interface.o [1]
SmartIO_SPI_ReadBytes   0x0800362b   0x42  Code  Gb  smartio_hardware_interface.o [1]
SmartIO_SPI_SendBytes   0x080035f7   0x34  Code  Gb  smartio_hardware_interface.o [1]
SmartIO_SaveCache       0x08002f41    0xe  Code  Gb  smartio_api.o [1]
SmartIO_SetSliceIcon    0x08003211   0x12  Code  Gb  smartio_api.o [1]
SmartIO_WriteEEPROM     0x080032a3   0x16  Code  Gb  smartio_api.o [1]
SmartIO__RegisterCallback
                        0x08003481   0x34  Code  Gb  smartio_interface.o [1]
SmartIO__SendBytes      0x080033d9   0xa8  Code  Gb  smartio_interface.o [1]
Smart_IO_getchar        0x0800273d   0x1a  Code  Gb  main_IAR_Smart-IO_STM32F407_port.o [1]
Smart_IO_main           0x08002641   0xc6  Code  Gb  main_IAR_Smart-IO_STM32F407_port.o [1]
Smart_IO_putchar        0x08002707   0x36  Code  Gb  main_IAR_Smart-IO_STM32F407_port.o [1]
SysTick_Config          0x08005af3   0x28  Code  Lc  stm32f4xx_hal_cortex.o [1]
SysTick_Handler         0x08006ac5    0xe  Code  Gb  stm32f4xx_it.o [1]
SystemClock_Config      0x08004d65   0xdc  Code  Gb  main.o [1]
SystemCoreClock         0x20000020    0x4  Data  Gb  system_stm32f4xx.o [1]
SystemInit              0x080069cd   0x3a  Code  Gb  system_stm32f4xx.o [1]
TIM2_IRQHandler         0x08006adf    0x6  Code  Gb  stm32f4xx_it.o [1]
TIM_Base_SetConfig      0x08005e5b   0xda  Code  Gb  stm32f4xx_hal_tim.o [1]
TIM_ETR_SetConfig       0x08005fbf   0x16  Code  Lc  stm32f4xx_hal_tim.o [1]
TIM_ITRx_SetConfig      0x08005faf   0x10  Code  Lc  stm32f4xx_hal_tim.o [1]
TIM_TI1_ConfigInputStage
                        0x08005f65   0x24  Code  Lc  stm32f4xx_hal_tim.o [1]
TIM_TI2_ConfigInputStage
                        0x08005f89   0x26  Code  Lc  stm32f4xx_hal_tim.o [1]
UART_SetConfig          0x08003a9d  0x274  Code  Lc  stm32f4xx_hal_uart.o [1]
UART_WaitOnFlagUntilTimeout
                        0x08003a37   0x66  Code  Lc  stm32f4xx_hal_uart.o [1]
_3pos_buttons1          0x0800205d    0xa  Code  Gb  main_IAR_Smart-IO_STM32F407_port.o [1]
_Close_all              0x08006b0d   0x3c  Code  Gb  xcloseall.o [3]
_Encoding_8859_1_Mbrlen
                        0x08001261    0x2  Code  Gb  xencoding_8859_1.o [3]
_Encoding_8859_1_Wctomb
                        0x0800124f   0x12  Code  Gb  xencoding_8859_1.o [3]
_Error_Handler          0x08004e97    0x2  Code  Gb  main.o [1]
_Files                  0x2000017c   0x20  Data  Gb  xfiles.o [3]
_Fofree                 0x08006921   0x78  Code  Gb  xfofind.o [3]
_Fspos                  0x080064b1   0xd8  Code  Gb  xfspos.o [3]
_Fwprep                 0x080067c9   0xb4  Code  Gb  xfwprep.o [3]
_GenldFull              0x08000df9  0x274  Code  Lc  xprintffull.o [3]
_LdtobFull              0x080009cd  0x3fe  Code  Lc  xprintffull.o [3]
_LitobFull              0x08000875  0x112  Code  Lc  xprintffull.o [3]
_LocaleC_isspace        0x080011a5   0x14  Code  Gb  xlocale_c.o [3]
_LocaleC_isupper        0x08001199    0x2  Code  Gb  xlocale_c.o [3]
_LocaleC_tolower        0x080011b9    0xc  Code  Gb  xlocale_c.o [3]
_Locale_lconv           0x20000024   0x38  Data  Lc  xlocale_c.o [3]
_Nnl                    0x08006635    0xc  Code  Gb  xfgpos.o [3]
_PrintfFull             0x08000189  0x1d6  Code  Gb  xprintffull.o [3]
_Prout                  0x08006beb   0x16  Code  Gb  xprout.o [3]
_PutcharsFull           0x0800106d   0x2e  Code  Lc  xprintffull.o [3]
_PutfldFull             0x080003f1  0x2d0  Code  Lc  xprintffull.o [3]
_PutstrFull             0x080007b7   0xbe  Code  Lc  xprintffull.o [3]
_PuttxtFull             0x080006c1   0xf6  Code  Lc  xprintffull.o [3]
__aeabi_cdcmple         0x08001835         Code  Gb  DblCmpLe.o [4]
__aeabi_cdrcmple        0x08001865         Code  Gb  DblCmpGe.o [4]
__aeabi_d2iz            0x080019d1         Code  Gb  DblToS32.o [4]
__aeabi_d2uiz           0x08001d5d         Code  Gb  DblToU32.o [4]
__aeabi_ddiv            0x08001b15         Code  Gb  DblDiv.o [4]
__aeabi_dmul            0x08001621         Code  Gb  DblMul.o [4]
__aeabi_dsub            0x08001a31         Code  Gb  DblSub.o [4]
__aeabi_i2d             0x08001a0d         Code  Gb  S32ToDbl.o [4]
__aeabi_ldiv0           0x08001da5         Code  Gb  I64DivZer.o [5]
__aeabi_memcpy          0x08001349         Code  Gb  ABImemcpy.o [5]
__aeabi_memcpy4         0x08001369         Code  Gb  ABImemcpy.o [5]
__aeabi_memcpy8         0x08001369         Code  Gb  ABImemcpy.o [5]
__aeabi_ui2d            0x08001d85         Code  Gb  U32ToDbl.o [4]
__aeabi_uldivmod        0x080013f1         Code  Gb  I64DivMod.o [5]
__basic_free            0x080063f1   0x16  Code  Gb  heap0.o [3]
__basic_free_intern     0x08006407   0x7a  Code  Lc  heap0.o [3]
__basic_malloc          0x08006345   0x18  Code  Gb  heap0.o [3]
__basic_malloc_intern   0x0800635d   0x94  Code  Lc  heap0.o [3]
__cexit_closeall        0x08006bdf         Code  Gb  cexit.o [5]
__close                 0x080069a1   0x18  Code  Gb  close.o [6]
__cmain                 0x08006bb5         Code  Gb  cmain.o [5]
__cstart_closeall       0x08006d84         Data  Gb  cstart_closeall.o [5]
__data_GetMemChunk      0x08006485   0x2c  Code  Gb  xgetmemchunk.o [3]
__data_GetMemChunk::start
                        0x200008b8    0x4  Data  Lc  xgetmemchunk.o [3]
__dwrite                0x08006769   0x1e  Code  Gb  dwrite.o [6]
__exit                  0x08001f11   0x14  Code  Gb  exit.o [6]
__iar_Fail_s            0x0800126d   0x1c  Code  Gb  xfail_s.o [3]
__iar_Mbcurmax          0x0800133d    0xa  Code  Gb  xmbcurmax.o [3]
__iar_Memchr            0x080012e5         Code  Gb  memchr.o [5]
__iar_Stderr            0x20000134   0x48  Data  Gb  xfiles.o [3]
__iar_Stdin             0x200000a4   0x48  Data  Gb  xfiles.o [3]
__iar_Stdout            0x200000ec   0x48  Data  Gb  xfiles.o [3]
__iar_Stolx             0x08003d1d   0x82  Code  Gb  iar_Stolx.o [3]
__iar_Stoulx            0x08004a6d  0x112  Code  Gb  iar_Stoulx.o [3]
__iar_Strchr            0x08001239         Code  Gb  strchr.o [5]
__iar_close_ttio        0x08001f25   0x2c  Code  Gb  iarttio.o [6]
__iar_dadd              0x08001a41         Code  Gb  DblSub.o [4]
__iar_data_init3        0x08006b49   0x28  Code  Gb  data_init.o [5]
__iar_dsub              0x08001da9         Code  Gb  DblAdd.o [4]
__iar_dsubStart         0x08001dbb         Code  Gb  DblAdd.o [4]
__iar_frexp             0x080017d1         Code  Gb  frexp.o [4]
__iar_frexpl            0x080017d1         Code  Gb  frexp.o [4]
__iar_get_ttio          0x08001f51   0x4c  Code  Gb  iarttio.o [6]
__iar_globLocale        0x2000005c   0x48  Data  Lc  xlocale_c.o [3]
__iar_global_Locale     0x080011c5    0x4  Code  Gb  xlocale_c.o [3]
__iar_init_vfp          0x08006b71         Code  Gb  fpinit_M.o [4]
__iar_ldexp64           0x08001895         Code  Gb  ldexp.o [4]
__iar_lookup_ttioh      0x08001fcf    0x4  Code  Gb  XShttio.o [3]
__iar_lz77_init_single3
                        0x0800111f   0x7a  Code  Gb  lz77_init_single.o [5]
__iar_program_start     0x08006c1d         Code  Gb  cstartup_M.o [5]
__iar_scalbln64         0x08001895         Code  Gb  ldexp.o [4]
__iar_scalbn64          0x08001895         Code  Gb  ldexp.o [4]
__iar_sh_Discard        0x0800669d   0x42  Code  Gb  XShHandles.o [3]
__iar_sh_Move           0x080066df   0x46  Code  Gb  XShHandles.o [3]
__iar_sh_Pos            0x08006725   0x3e  Code  Gb  XShHandles.o [3]
__iar_sh_stdout         0x08006787   0x20  Code  Gb  iarwstd.o [6]
__iar_sh_write          0x080067a7   0x22  Code  Gb  iarwrite.o [6]
__iar_softfp___iar_frexp64
                        0x080017c5         Code  Gb  frexp.o [4]
__iar_softfp_frexp      0x080017c5         Code  Gb  frexp.o [4]
__iar_softfp_frexpl     0x080017c5         Code  Gb  frexp.o [4]
__iar_systems$$module {Abs}
                        0x00000001         Data  Gb  command line/config [2]
__iar_ttio_guard_lock   0x08001fa1   0x1e  Code  Gb  XShttio.o [3]
__iar_ttio_guard_unlock
                        0x08001fbf   0x10  Code  Gb  XShttio.o [3]
__iar_ttio_handles      0x2000019c    0x8  Data  Lc  XShttio.o [3]
__iar_zero_init3        0x08006a81   0x40  Code  Gb  zero_init3.o [5]
__low_level_init        0x08006bd3    0x4  Code  Gb  low_level_init.o [3]
__lseek                 0x08006641   0x4a  Code  Gb  lseek.o [6]
__vector_table          0x08000000         Data  Gb  startup_stm32f407xx.o [1]
__write                 0x0800668b   0x10  Code  Gb  write.o [6]
_call_main              0x08006bc1         Code  Gb  cmain.o [5]
_exit                   0x08006bdd         Code  Gb  cexit.o [5]
_gLocale_mblen          0x08001225    0x4  Code  Gb  xlocale_c.o [3]
_gLocale_mblenInt       0x080011ed   0x34  Code  Gb  xlocale_c.o [3]
_gLocale_wctomb         0x08001229    0x4  Code  Gb  xlocale_c.o [3]
_gLocale_wctombInt      0x08001221    0x4  Code  Gb  xlocale_c.o [3]
_main                   0x08006bcf         Code  Gb  cmain.o [5]
abort                   0x08001d9f    0x6  Code  Gb  abort.o [3]
callback_table          0x200001a8  0x320  Data  Gb  smartio_interface.o [1]
callback_table_index    0x200001a4    0x4  Data  Gb  smartio_interface.o [1]
checkbox1               0x0800200f    0xa  Code  Gb  main_IAR_Smart-IO_STM32F407_port.o [1]
connected               0x200008b0    0x4  Data  Gb  main_IAR_Smart-IO_STM32F407_port.o [1]
digits                  0x08004b84   0x28  Data  Lc  iar_Stoulx.o [3]
doTest                  0x08002075  0x5a2  Code  Gb  main_IAR_Smart-IO_STM32F407_port.o [1]
ebuf                    0x200006a0   0x50  Data  Lc  xfiles.o [3]
exit                    0x08006bd7    0x4  Code  Gb  exit.o [3]
expandable_list1        0x08002067    0xa  Code  Gb  main_IAR_Smart-IO_STM32F407_port.o [1]
fclose                  0x080068a1   0x7e  Code  Gb  fclose.o [3]
fflush                  0x080065fd   0x34  Code  Gb  fflush.o [3]
fflushOne               0x08006589   0x74  Code  Lc  fflush.o [3]
fputc                   0x08006a2d   0x54  Code  Gb  fputc.o [3]
free                    0x0800699d    0x4  Code  Gb  heaptramp0.o [3]
fseek                   0x0800687d   0x24  Code  Gb  fseek.o [3]
host_sram_aligned_block
                        0x200004c8  0x100  Data  Gb  smartio_api.o [1]
host_sram_block         0x2000000c    0x4  Data  Gb  smartio_api.o [1]
hrtc                    0x20000874   0x20  Data  Gb  rtc.o [1]
hspi1                   0x20000648   0x58  Data  Gb  spi.o [1]
htim1                   0x200007c0   0x3c  Data  Gb  tim.o [1]
htim2                   0x200007fc   0x3c  Data  Gb  tim.o [1]
htim3                   0x20000838   0x3c  Data  Gb  tim.o [1]
huart2                  0x20000740   0x40  Data  Gb  usart.o [1]
huart3                  0x20000780   0x40  Data  Gb  usart.o [1]
isdigit                 0x08003db7    0xa  Code  Gb  isdigit.o [3]
isspace                 0x08003da3   0x14  Code  Gb  isspace.o [3]
ldexp                   0x08001895         Code  Gb  ldexp.o [4]
ldexpl                  0x08001895         Code  Gb  ldexp.o [4]
localeconv              0x0800122d    0x4  Code  Gb  xlocale_c.o [3]
main                    0x08004d19   0x4c  Code  Gb  main.o [1]
memchr                  0x080012e5         Code  Gb  memchr.o [5]
menu_entry              0x08002005    0xa  Code  Gb  main_IAR_Smart-IO_STM32F407_port.o [1]
ndigs                   0x08004bac   0x28  Data  Lc  iar_Stoulx.o [3]
obuf                    0x200006f0   0x50  Data  Lc  xfiles.o [3]
printf                  0x08002f01   0x28  Code  Gb  printf.o [3]
putchar                 0x08006c01    0xc  Code  Gb  putchar.o [3]
radio_buttons1          0x08002019    0xa  Code  Gb  main_IAR_Smart-IO_STM32F407_port.o [1]
remove                  0x080069b9   0x14  Code  Gb  remove.o [6]
sFileInfo               0x200005c8   0x80  Data  Lc  XShHandles.o [3]
scalbln                 0x08001895         Code  Gb  ldexp.o [4]
scalblnl                0x08001895         Code  Gb  ldexp.o [4]
scalbn                  0x08001895         Code  Gb  ldexp.o [4]
scalbnl                 0x08001895         Code  Gb  ldexp.o [4]
scale                   0x08000987   0x46  Code  Lc  xprintffull.o [3]
sec_hand                0x200008b4    0x4  Data  Lc  xfail_s.o [3]
strchr                  0x08001239         Code  Gb  strchr.o [5]
strlen                  0x080012ad         Code  Gb  strlen.o [5]
strtol                  0x08003d9f    0x4  Code  Gb  iar_Stolx.o [3]
text_entry1             0x08001ffb    0xa  Code  Gb  main_IAR_Smart-IO_STM32F407_port.o [1]
text_entry2             0x08002023    0xa  Code  Gb  main_IAR_Smart-IO_STM32F407_port.o [1]
time_selector1          0x0800202d    0xc  Code  Gb  main_IAR_Smart-IO_STM32F407_port.o [1]
time_selector2          0x08002039    0xc  Code  Gb  main_IAR_Smart-IO_STM32F407_port.o [1]
time_selector3          0x08002045    0xc  Code  Gb  main_IAR_Smart-IO_STM32F407_port.o [1]
time_selector4          0x08002051    0xc  Code  Gb  main_IAR_Smart-IO_STM32F407_port.o [1]
tolower                 0x08004f69   0x14  Code  Gb  tolower.o [3]
ttio_guard              0x200008bc    0x1  Data  Lc  XShttio.o [3]
txArray_9               0x20000000    0xc  Data  Gb  main.o [1]
uwTick                  0x20000018    0x4  Data  Gb  stm32f4xx_hal.o [1]
uwTickFreq              0x20000014    0x1  Data  Gb  stm32f4xx_hal.o [1]
uwTickPrio              0x2000001c    0x4  Data  Gb  stm32f4xx_hal.o [1]


[1] = C:\Users\Clyde W Phillips Jr\Documents\STMF407_Disco_Spi1FDM1NSS\EWARM\STMF407_Disco_Spi1FDM1NSS\Obj
[2] = command line
[3] = dl7M_tlf.a
[4] = m7M_tls.a
[5] = rt7M_tl.a
[6] = shb_l.a

  27 988 bytes of readonly  code memory
     220 bytes of readonly  data memory
   3 773 bytes of readwrite data memory

Errors: none
Warnings: none
